
========================================================================
[TIMESTAMP] 2026-08-03T14:05:20.571Z
[TO]        sindhu.test@ethereal.email
[SUBJECT]   Order Confirmed: ORD-20260803-24A2 - Guramrit Dine-In
[PREVIEW]   https://ethereal.email/message/anCgHYe.DCatzPq0anCgIRd6gE5yl4XbAAAAAQ3OnIQ.SVJcF6G-ZYMRyzs
[BODY]
Order Confirmed: ORD-20260803-24A2 - Guramrit Dine-In Guramrit Resto & Cafe Order Confirmed! 🍽️ Hi Sindhu Singireddy Test, Thank you! Your order has been received. Our chefs are firing up the kitchen now. We'll have it served hot at your table shortly. Order ID: ORD-20260803-24A2 Table Number: Table 5 Guests: 4 Status: Placed Order Details Chicken Tikka x2 ₹560 Total Amount ₹560 This email was sent regarding your active table order at Guramrit Resto & Cafe. Cooperative Building, JKPM Road, JK Pur, Rayagada
========================================================================

========================================================================
[TIMESTAMP] 2026-08-03T14:05:20.792Z
[TO]        sindhu.test@ethereal.email
[SUBJECT]   Order ORD-20260803-24A2 is being prepared! 👨‍🍳
[PREVIEW]   https://ethereal.email/message/anCgHYe.DCatzPq0anCgIaY14xtosA5sAAAAAqQAPoooEsE-iCnnjBZKdLM
[BODY]
Order ORD-20260803-24A2 is being prepared! 👨‍🍳 Guramrit Resto & Cafe Preparing Your Feast 👨‍🍳 Hi Sindhu Singireddy Test, Your chef is now preparing your delicious dishes fresh. Estimated ready time: 10-15 minutes. Order ID: ORD-20260803-24A2 Table Number: Table 5 Guests: 4 Status: cooking Order Details Chicken Tikka x2 ₹560 Total Amount ₹560 This email was sent regarding your active table order at Guramrit Resto & Cafe. Cooperative Building, JKPM Road, JK Pur, Rayagada
========================================================================

========================================================================
[TIMESTAMP] 2026-08-03T14:05:21.157Z
[TO]        sindhu.test@ethereal.email
[SUBJECT]   Your order ORD-20260803-24A2 is READY! 🍽️
[PREVIEW]   https://ethereal.email/message/anCgHYe.DCatzPq0anCgIRd6gE5yl4XgAAAAA5.jEL9QCygHwesusLoGosU
[BODY]
Your order ORD-20260803-24A2 is READY! 🍽️ Guramrit Resto & Cafe Ready & Serving! 🍽️ Hi Sindhu Singireddy Test, Great news! Your order is ready and is being served at your table right now. Enjoy your meal! Order ID: ORD-20260803-24A2 Table Number: Table 5 Guests: 4 Status: ready Order Details Chicken Tikka x2 ₹560 Total Amount ₹560 This email was sent regarding your active table order at Guramrit Resto & Cafe. Cooperative Building, JKPM Road, JK Pur, Rayagada
========================================================================

========================================================================
[TIMESTAMP] 2026-08-03T14:06:08.411Z
[TO]        sindhu.test@ethereal.email
[SUBJECT]   Order Confirmed: ORD-20260803-169C - Guramrit Dine-In
[PREVIEW]   https://ethereal.email/message/anCgToe.DCatzP-NanCgUBd6gE5yl4bGAAAAAUnLfEy5jMKPlHGCDTZvNog
[BODY]
Order Confirmed: ORD-20260803-169C - Guramrit Dine-In Guramrit Resto & Cafe Order Confirmed! 🍽️ Hi Sindhu Singireddy Test, Thank you! Your order has been received. Our chefs are firing up the kitchen now. We'll have it served hot at your table shortly. Order ID: ORD-20260803-169C Table Number: Table 5 Guests: 4 Status: Placed Order Details Chicken Tikka x2 ₹560 Total Amount ₹560 This email was sent regarding your active table order at Guramrit Resto & Cafe. Cooperative Building, JKPM Road, JK Pur, Rayagada
========================================================================

========================================================================
[TIMESTAMP] 2026-08-03T14:06:09.246Z
[TO]        sindhu.test@ethereal.email
[SUBJECT]   Order ORD-20260803-169C is being prepared! 👨‍🍳
[PREVIEW]   https://ethereal.email/message/anCgToe.DCatzP-NanCgUaY14xtosA9VAAAAAmeBUYPaoKk2ilMyL-zGrzY
[BODY]
Order ORD-20260803-169C is being prepared! 👨‍🍳 Guramrit Resto & Cafe Preparing Your Feast 👨‍🍳 Hi Sindhu Singireddy Test, Your chef is now preparing your delicious dishes fresh. Estimated ready time: 10-15 minutes. Order ID: ORD-20260803-169C Table Number: Table 5 Guests: 4 Status: cooking Order Details Chicken Tikka x2 ₹560 Total Amount ₹560 This email was sent regarding your active table order at Guramrit Resto & Cafe. Cooperative Building, JKPM Road, JK Pur, Rayagada
========================================================================

========================================================================
[TIMESTAMP] 2026-08-03T14:06:10.846Z
[TO]        sindhu.test@ethereal.email
[SUBJECT]   Your order ORD-20260803-169C is READY! 🍽️
[PREVIEW]   https://ethereal.email/message/anCgToe.DCatzP-NanCgUxd6gE5yl4bUAAAAAyU-rJ792lYKvvAzpKDvsDE
[BODY]
Your order ORD-20260803-169C is READY! 🍽️ Guramrit Resto & Cafe Ready & Serving! 🍽️ Hi Sindhu Singireddy Test, Great news! Your order is ready and is being served at your table right now. Enjoy your meal! Order ID: ORD-20260803-169C Table Number: Table 5 Guests: 4 Status: ready Order Details Chicken Tikka x2 ₹560 Total Amount ₹560 This email was sent regarding your active table order at Guramrit Resto & Cafe. Cooperative Building, JKPM Road, JK Pur, Rayagada
========================================================================

========================================================================
[TIMESTAMP] 2026-08-03T14:13:20.068Z
[TO]        sindhu.test@ethereal.email
[SUBJECT]   Order Confirmed: ORD-20260803-5B3 - Guramrit Dine-In
[PREVIEW]   https://ethereal.email/message/anCgToe.DCatzP-NanCiABd6gE5yl4p7AAAABKXuD9CXnywm8Ztf2rxsXDo
[BODY]
Order Confirmed: ORD-20260803-5B3 - Guramrit Dine-In Guramrit Resto & Cafe Order Confirmed! 🍽️ Hi Sindhu Singireddy Test, Thank you! Your order has been received. Our chefs are firing up the kitchen now. We'll have it served hot at your table shortly. Order ID: ORD-20260803-5B3 Table Number: Table 5 Guests: 4 Status: Placed Order Details Chicken Tikka x2 ₹560 Total Amount ₹560 This email was sent regarding your active table order at Guramrit Resto & Cafe. Cooperative Building, JKPM Road, JK Pur, Rayagada
========================================================================

========================================================================
[TIMESTAMP] 2026-08-03T14:13:21.666Z
[TO]        sindhu.test@ethereal.email
[SUBJECT]   Order ORD-20260803-5B3 is being prepared! 👨‍🍳
[PREVIEW]   https://ethereal.email/message/anCgToe.DCatzP-NanCiAj9JACjbxVDSAAAABQcAOMY2gcoVMMyOVaKT7rk
[BODY]
Order ORD-20260803-5B3 is being prepared! 👨‍🍳 Guramrit Resto & Cafe Preparing Your Feast 👨‍🍳 Hi Sindhu Singireddy Test, Your chef is now preparing your delicious dishes fresh. Estimated ready time: 10-15 minutes. Order ID: ORD-20260803-5B3 Table Number: Table 5 Guests: 4 Status: cooking Order Details Chicken Tikka x2 ₹560 Total Amount ₹560 This email was sent regarding your active table order at Guramrit Resto & Cafe. Cooperative Building, JKPM Road, JK Pur, Rayagada
========================================================================

========================================================================
[TIMESTAMP] 2026-08-03T14:13:22.992Z
[TO]        sindhu.test@ethereal.email
[SUBJECT]   Your order ORD-20260803-5B3 is READY! 🍽️
[PREVIEW]   https://ethereal.email/message/anCgToe.DCatzP-NanCiA6Y14xtosBNQAAAABiKLz6D7SW6yopMkPIrZULY
[BODY]
Your order ORD-20260803-5B3 is READY! 🍽️ Guramrit Resto & Cafe Ready & Serving! 🍽️ Hi Sindhu Singireddy Test, Great news! Your order is ready and is being served at your table right now. Enjoy your meal! Order ID: ORD-20260803-5B3 Table Number: Table 5 Guests: 4 Status: ready Order Details Chicken Tikka x2 ₹560 Total Amount ₹560 This email was sent regarding your active table order at Guramrit Resto & Cafe. Cooperative Building, JKPM Road, JK Pur, Rayagada
========================================================================

========================================================================
[TIMESTAMP] 2026-08-03T14:16:31.435Z
[TO]        singireddysindhu4009@gmail.com
[SUBJECT]   Order Confirmed: ORD-20260803-BA1 - Guramrit Dine-In
[PREVIEW]   https://ethereal.email/message/anCgToe.DCatzP-NanCivz9JACjbxVFoAAAAB.xppcGkPEJxURBQBb8nAlg
[BODY]
Order Confirmed: ORD-20260803-BA1 - Guramrit Dine-In Guramrit Resto & Cafe Order Confirmed! 🍽️ Hi sindhu, Thank you! Your order has been received. Our chefs are firing up the kitchen now. We'll have it served hot at your table shortly. Order ID: ORD-20260803-BA1 Table Number: Table 1 Guests: 1 Status: Placed Order Details Chicken Salad x1 ₹150 Total Amount ₹150 This email was sent regarding your active table order at Guramrit Resto & Cafe. Cooperative Building, JKPM Road, JK Pur, Rayagada
========================================================================

========================================================================
[TIMESTAMP] 2026-08-03T14:25:31.375Z
[TO]        sindhu.test@ethereal.email
[SUBJECT]   Order Confirmed: ORD-20260803-23FD - Guramrit Dine-In
[PREVIEW]   https://ethereal.email/message/anCgToe.DCatzP-NanCk2xd6gE5yl4y6AAAACDQqn6p1tyi7jcMVmlK1zbQ
[BODY]
Order Confirmed: ORD-20260803-23FD - Guramrit Dine-In Guramrit Resto & Cafe Order Confirmed! 🍽️ Hi Sindhu Singireddy Test, Thank you! Your order has been received. Our chefs are firing up the kitchen now. We'll have it served hot at your table shortly. Order ID: ORD-20260803-23FD Table Number: Table 5 Guests: 4 Status: Placed Order Details Chicken Tikka x2 ₹560 Total Amount ₹560 This email was sent regarding your active table order at Guramrit Resto & Cafe. Cooperative Building, JKPM Road, JK Pur, Rayagada
========================================================================

========================================================================
[TIMESTAMP] 2026-08-03T14:25:34.750Z
[TO]        sindhu.test@ethereal.email
[SUBJECT]   Order ORD-20260803-23FD is being prepared! 👨‍🍳
[PREVIEW]   https://ethereal.email/message/anCgToe.DCatzP-NanCk3j9JACjbxVMdAAAACVqorasHdfC1XcQ8uTfB5eQ
[BODY]
Order ORD-20260803-23FD is being prepared! 👨‍🍳 Guramrit Resto & Cafe Preparing Your Feast 👨‍🍳 Hi Sindhu Singireddy Test, Your chef is now preparing your delicious dishes fresh. Estimated ready time: 10-15 minutes. Order ID: ORD-20260803-23FD Table Number: Table 5 Guests: 4 Status: cooking Order Details Chicken Tikka x2 ₹560 Total Amount ₹560 This email was sent regarding your active table order at Guramrit Resto & Cafe. Cooperative Building, JKPM Road, JK Pur, Rayagada
========================================================================

========================================================================
[TIMESTAMP] 2026-08-03T14:25:35.919Z
[TO]        sindhu.test@ethereal.email
[SUBJECT]   Your order ORD-20260803-23FD is READY! 🍽️
[PREVIEW]   https://ethereal.email/message/anCgToe.DCatzP-NanCk4Bd6gE5yl4zBAAAACv-3YFQj2aoHoDzN0JRLeDc
[BODY]
Your order ORD-20260803-23FD is READY! 🍽️ Guramrit Resto & Cafe Ready & Serving! 🍽️ Hi Sindhu Singireddy Test, Great news! Your order is ready and is being served at your table right now. Enjoy your meal! Order ID: ORD-20260803-23FD Table Number: Table 5 Guests: 4 Status: ready Order Details Chicken Tikka x2 ₹560 Total Amount ₹560 This email was sent regarding your active table order at Guramrit Resto & Cafe. Cooperative Building, JKPM Road, JK Pur, Rayagada
========================================================================

========================================================================
[TIMESTAMP] 2026-08-03T14:28:03.041Z
[TO]        singireddysindhu4009@gmail.com
[SUBJECT]   Order Confirmed: ORD-20260803-1E7E - Guramrit Dine-In
[PREVIEW]   https://ethereal.email/message/anCgToe.DCatzP-NanClc6Y14xtosBZAAAAAC8UPdI42XcraJtsx9CxP29w
[BODY]
Order Confirmed: ORD-20260803-1E7E - Guramrit Dine-In Guramrit Resto & Cafe Order Confirmed! 🍽️ Hi sindhu, Thank you! Your order has been received. Our chefs are firing up the kitchen now. We'll have it served hot at your table shortly. Order ID: ORD-20260803-1E7E Table Number: Table 1 Guests: 1 Status: Placed Order Details Garden Salad x1 ₹60 Total Amount ₹60 This email was sent regarding your active table order at Guramrit Resto & Cafe. Cooperative Building, JKPM Road, JK Pur, Rayagada
========================================================================
